---
source: crates/dbt-jinja/minijinja/tests/test_templates.rs
description: "{{ none }}\n{{ undefined }}"
info:
  __minijinja_current_path: undefined.txt
  __minijinja_current_span:
    end_col: 1
    end_line: 1
    end_offset: 0
    start_col: 1
    start_line: 1
    start_offset: 0
input_file: crates/dbt-jinja/minijinja/tests/inputs/undefined.txt
---
None
